Archive member included to satisfy reference by file (symbol)

c:/program files (x86)/atmel/studio/7.0/toolchain/avr8/avr8-gnu-toolchain/bin/../lib/gcc/avr/5.4.0/avr5\libgcc.a(_exit.o)
                              C:/Program Files (x86)/Atmel/Studio/7.0/Packs/atmel/ATmega_DFP/1.2.150/gcc/dev/atmega328p/avr5/crtatmega328p.o (exit)
c:/program files (x86)/atmel/studio/7.0/toolchain/avr8/avr8-gnu-toolchain/bin/../lib/gcc/avr/5.4.0/avr5\libgcc.a(_copy_data.o)
                              main.o (__do_copy_data)
c:/program files (x86)/atmel/studio/7.0/toolchain/avr8/avr8-gnu-toolchain/bin/../lib/gcc/avr/5.4.0/avr5\libgcc.a(_clear_bss.o)
                              main.o (__do_clear_bss)

Discarded input sections

 .text          0x00000000        0x4 C:/Program Files (x86)/Atmel/Studio/7.0/Packs/atmel/ATmega_DFP/1.2.150/gcc/dev/atmega328p/avr5/crtatmega328p.o
 .data          0x00000000        0x0 C:/Program Files (x86)/Atmel/Studio/7.0/Packs/atmel/ATmega_DFP/1.2.150/gcc/dev/atmega328p/avr5/crtatmega328p.o
 .bss           0x00000000        0x0 C:/Program Files (x86)/Atmel/Studio/7.0/Packs/atmel/ATmega_DFP/1.2.150/gcc/dev/atmega328p/avr5/crtatmega328p.o
 .text          0x00000000        0x0 main.o
 .data          0x00000000        0x0 main.o
 .bss           0x00000000        0x0 main.o
 .text.clearError
                0x00000000        0xe main.o
 .text.startPulseLength
                0x00000000       0x36 main.o
 .text.getPulseLength
                0x00000000       0x12 main.o
 .bss.inputCaptureTime
                0x00000000        0x2 main.o
 .bss.lastInterruptChannel
                0x00000000        0x1 main.o
 .rodata.PIDAttenuation
                0x00000000        0x2 main.o
 .rodata.kd     0x00000000        0x2 main.o
 .rodata.ki     0x00000000        0x2 main.o
 .rodata.kp     0x00000000        0x2 main.o
 .rodata.PIDPeriod
                0x00000000        0x1 main.o
 .rodata.maxSpeed
                0x00000000        0x2 main.o
 .rodata.minSpeed
                0x00000000        0x1 main.o
 .bss.ISR_TMR1CA
                0x00000000        0x1 main.o
 .bss.ISR_INT1  0x00000000        0x1 main.o
 .bss.ISR_INT0  0x00000000        0x1 main.o
 .text          0x00000000        0x0 c:/program files (x86)/atmel/studio/7.0/toolchain/avr8/avr8-gnu-toolchain/bin/../lib/gcc/avr/5.4.0/avr5\libgcc.a(_exit.o)
 .data          0x00000000        0x0 c:/program files (x86)/atmel/studio/7.0/toolchain/avr8/avr8-gnu-toolchain/bin/../lib/gcc/avr/5.4.0/avr5\libgcc.a(_exit.o)
 .bss           0x00000000        0x0 c:/program files (x86)/atmel/studio/7.0/toolchain/avr8/avr8-gnu-toolchain/bin/../lib/gcc/avr/5.4.0/avr5\libgcc.a(_exit.o)
 .text.libgcc.mul
                0x00000000        0x0 c:/program files (x86)/atmel/studio/7.0/toolchain/avr8/avr8-gnu-toolchain/bin/../lib/gcc/avr/5.4.0/avr5\libgcc.a(_exit.o)
 .text.libgcc.div
                0x00000000        0x0 c:/program files (x86)/atmel/studio/7.0/toolchain/avr8/avr8-gnu-toolchain/bin/../lib/gcc/avr/5.4.0/avr5\libgcc.a(_exit.o)
 .text.libgcc   0x00000000        0x0 c:/program files (x86)/atmel/studio/7.0/toolchain/avr8/avr8-gnu-toolchain/bin/../lib/gcc/avr/5.4.0/avr5\libgcc.a(_exit.o)
 .text.libgcc.prologue
                0x00000000        0x0 c:/program files (x86)/atmel/studio/7.0/toolchain/avr8/avr8-gnu-toolchain/bin/../lib/gcc/avr/5.4.0/avr5\libgcc.a(_exit.o)
 .text.libgcc.builtins
                0x00000000        0x0 c:/program files (x86)/atmel/studio/7.0/toolchain/avr8/avr8-gnu-toolchain/bin/../lib/gcc/avr/5.4.0/avr5\libgcc.a(_exit.o)
 .text.libgcc.fmul
                0x00000000        0x0 c:/program files (x86)/atmel/studio/7.0/toolchain/avr8/avr8-gnu-toolchain/bin/../lib/gcc/avr/5.4.0/avr5\libgcc.a(_exit.o)
 .text.libgcc.fixed
                0x00000000        0x0 c:/program files (x86)/atmel/studio/7.0/toolchain/avr8/avr8-gnu-toolchain/bin/../lib/gcc/avr/5.4.0/avr5\libgcc.a(_exit.o)
 .text          0x00000000        0x0 c:/program files (x86)/atmel/studio/7.0/toolchain/avr8/avr8-gnu-toolchain/bin/../lib/gcc/avr/5.4.0/avr5\libgcc.a(_copy_data.o)
 .data          0x00000000        0x0 c:/program files (x86)/atmel/studio/7.0/toolchain/avr8/avr8-gnu-toolchain/bin/../lib/gcc/avr/5.4.0/avr5\libgcc.a(_copy_data.o)
 .bss           0x00000000        0x0 c:/program files (x86)/atmel/studio/7.0/toolchain/avr8/avr8-gnu-toolchain/bin/../lib/gcc/avr/5.4.0/avr5\libgcc.a(_copy_data.o)
 .text.libgcc.mul
                0x00000000        0x0 c:/program files (x86)/atmel/studio/7.0/toolchain/avr8/avr8-gnu-toolchain/bin/../lib/gcc/avr/5.4.0/avr5\libgcc.a(_copy_data.o)
 .text.libgcc.div
                0x00000000        0x0 c:/program files (x86)/atmel/studio/7.0/toolchain/avr8/avr8-gnu-toolchain/bin/../lib/gcc/avr/5.4.0/avr5\libgcc.a(_copy_data.o)
 .text.libgcc   0x00000000        0x0 c:/program files (x86)/atmel/studio/7.0/toolchain/avr8/avr8-gnu-toolchain/bin/../lib/gcc/avr/5.4.0/avr5\libgcc.a(_copy_data.o)
 .text.libgcc.prologue
                0x00000000        0x0 c:/program files (x86)/atmel/studio/7.0/toolchain/avr8/avr8-gnu-toolchain/bin/../lib/gcc/avr/5.4.0/avr5\libgcc.a(_copy_data.o)
 .text.libgcc.builtins
                0x00000000        0x0 c:/program files (x86)/atmel/studio/7.0/toolchain/avr8/avr8-gnu-toolchain/bin/../lib/gcc/avr/5.4.0/avr5\libgcc.a(_copy_data.o)
 .text.libgcc.fmul
                0x00000000        0x0 c:/program files (x86)/atmel/studio/7.0/toolchain/avr8/avr8-gnu-toolchain/bin/../lib/gcc/avr/5.4.0/avr5\libgcc.a(_copy_data.o)
 .text.libgcc.fixed
                0x00000000        0x0 c:/program files (x86)/atmel/studio/7.0/toolchain/avr8/avr8-gnu-toolchain/bin/../lib/gcc/avr/5.4.0/avr5\libgcc.a(_copy_data.o)
 .text          0x00000000        0x0 c:/program files (x86)/atmel/studio/7.0/toolchain/avr8/avr8-gnu-toolchain/bin/../lib/gcc/avr/5.4.0/avr5\libgcc.a(_clear_bss.o)
 .data          0x00000000        0x0 c:/program files (x86)/atmel/studio/7.0/toolchain/avr8/avr8-gnu-toolchain/bin/../lib/gcc/avr/5.4.0/avr5\libgcc.a(_clear_bss.o)
 .bss           0x00000000        0x0 c:/program files (x86)/atmel/studio/7.0/toolchain/avr8/avr8-gnu-toolchain/bin/../lib/gcc/avr/5.4.0/avr5\libgcc.a(_clear_bss.o)
 .text.libgcc.mul
                0x00000000        0x0 c:/program files (x86)/atmel/studio/7.0/toolchain/avr8/avr8-gnu-toolchain/bin/../lib/gcc/avr/5.4.0/avr5\libgcc.a(_clear_bss.o)
 .text.libgcc.div
                0x00000000        0x0 c:/program files (x86)/atmel/studio/7.0/toolchain/avr8/avr8-gnu-toolchain/bin/../lib/gcc/avr/5.4.0/avr5\libgcc.a(_clear_bss.o)
 .text.libgcc   0x00000000        0x0 c:/program files (x86)/atmel/studio/7.0/toolchain/avr8/avr8-gnu-toolchain/bin/../lib/gcc/avr/5.4.0/avr5\libgcc.a(_clear_bss.o)
 .text.libgcc.prologue
                0x00000000        0x0 c:/program files (x86)/atmel/studio/7.0/toolchain/avr8/avr8-gnu-toolchain/bin/../lib/gcc/avr/5.4.0/avr5\libgcc.a(_clear_bss.o)
 .text.libgcc.builtins
                0x00000000        0x0 c:/program files (x86)/atmel/studio/7.0/toolchain/avr8/avr8-gnu-toolchain/bin/../lib/gcc/avr/5.4.0/avr5\libgcc.a(_clear_bss.o)
 .text.libgcc.fmul
                0x00000000        0x0 c:/program files (x86)/atmel/studio/7.0/toolchain/avr8/avr8-gnu-toolchain/bin/../lib/gcc/avr/5.4.0/avr5\libgcc.a(_clear_bss.o)
 .text.libgcc.fixed
                0x00000000        0x0 c:/program files (x86)/atmel/studio/7.0/toolchain/avr8/avr8-gnu-toolchain/bin/../lib/gcc/avr/5.4.0/avr5\libgcc.a(_clear_bss.o)

Memory Configuration

Name             Origin             Length             Attributes
text             0x00000000         0x00020000         xr
data             0x00800060         0x0000ffa0         rw !x
eeprom           0x00810000         0x00010000         rw !x
fuse             0x00820000         0x00000003         rw !x
lock             0x00830000         0x00000400         rw !x
signature        0x00840000         0x00000400         rw !x
user_signatures  0x00850000         0x00000400         rw !x
*default*        0x00000000         0xffffffff

Linker script and memory map

Address of section .data set to 0x800100
LOAD C:/Program Files (x86)/Atmel/Studio/7.0/Packs/atmel/ATmega_DFP/1.2.150/gcc/dev/atmega328p/avr5/crtatmega328p.o
LOAD main.o
START GROUP
LOAD c:/program files (x86)/atmel/studio/7.0/toolchain/avr8/avr8-gnu-toolchain/bin/../lib/gcc/avr/5.4.0/../../../../avr/lib/avr5\libm.a
END GROUP
START GROUP
LOAD c:/program files (x86)/atmel/studio/7.0/toolchain/avr8/avr8-gnu-toolchain/bin/../lib/gcc/avr/5.4.0/avr5\libgcc.a
LOAD c:/program files (x86)/atmel/studio/7.0/toolchain/avr8/avr8-gnu-toolchain/bin/../lib/gcc/avr/5.4.0/../../../../avr/lib/avr5\libm.a
LOAD c:/program files (x86)/atmel/studio/7.0/toolchain/avr8/avr8-gnu-toolchain/bin/../lib/gcc/avr/5.4.0/../../../../avr/lib/avr5\libc.a
LOAD C:/Program Files (x86)/Atmel/Studio/7.0/Packs/atmel/ATmega_DFP/1.2.150/gcc/dev/atmega328p/avr5\libatmega328p.a
END GROUP
                0x00020000                __TEXT_REGION_LENGTH__ = DEFINED (__TEXT_REGION_LENGTH__)?__TEXT_REGION_LENGTH__:0x20000
                0x0000ffa0                __DATA_REGION_LENGTH__ = DEFINED (__DATA_REGION_LENGTH__)?__DATA_REGION_LENGTH__:0xffa0
                0x00010000                __EEPROM_REGION_LENGTH__ = DEFINED (__EEPROM_REGION_LENGTH__)?__EEPROM_REGION_LENGTH__:0x10000
                [0x00000003]                __FUSE_REGION_LENGTH__ = DEFINED (__FUSE_REGION_LENGTH__)?__FUSE_REGION_LENGTH__:0x400
                0x00000400                __LOCK_REGION_LENGTH__ = DEFINED (__LOCK_REGION_LENGTH__)?__LOCK_REGION_LENGTH__:0x400
                0x00000400                __SIGNATURE_REGION_LENGTH__ = DEFINED (__SIGNATURE_REGION_LENGTH__)?__SIGNATURE_REGION_LENGTH__:0x400
                0x00000400                __USER_SIGNATURE_REGION_LENGTH__ = DEFINED (__USER_SIGNATURE_REGION_LENGTH__)?__USER_SIGNATURE_REGION_LENGTH__:0x400

.hash
 *(.hash)

.dynsym
 *(.dynsym)

.dynstr
 *(.dynstr)

.gnu.version
 *(.gnu.version)

.gnu.version_d
 *(.gnu.version_d)

.gnu.version_r
 *(.gnu.version_r)

.rel.init
 *(.rel.init)

.rela.init
 *(.rela.init)

.rel.text
 *(.rel.text)
 *(.rel.text.*)
 *(.rel.gnu.linkonce.t*)

.rela.text
 *(.rela.text)
 *(.rela.text.*)
 *(.rela.gnu.linkonce.t*)

.rel.fini
 *(.rel.fini)

.rela.fini
 *(.rela.fini)

.rel.rodata
 *(.rel.rodata)
 *(.rel.rodata.*)
 *(.rel.gnu.linkonce.r*)

.rela.rodata
 *(.rela.rodata)
 *(.rela.rodata.*)
 *(.rela.gnu.linkonce.r*)

.rel.data
 *(.rel.data)
 *(.rel.data.*)
 *(.rel.gnu.linkonce.d*)

.rela.data
 *(.rela.data)
 *(.rela.data.*)
 *(.rela.gnu.linkonce.d*)

.rel.ctors
 *(.rel.ctors)

.rela.ctors
 *(.rela.ctors)

.rel.dtors
 *(.rel.dtors)

.rela.dtors
 *(.rela.dtors)

.rel.got
 *(.rel.got)

.rela.got
 *(.rela.got)

.rel.bss
 *(.rel.bss)

.rela.bss
 *(.rela.bss)

.rel.plt
 *(.rel.plt)

.rela.plt
 *(.rela.plt)

.text           0x00000000      0x828
 *(.vectors)
 .vectors       0x00000000       0x68 C:/Program Files (x86)/Atmel/Studio/7.0/Packs/atmel/ATmega_DFP/1.2.150/gcc/dev/atmega328p/avr5/crtatmega328p.o
                0x00000000                __vector_default
                0x00000000                __vectors
 *(.vectors)
 *(.progmem.gcc*)
                0x00000068                . = ALIGN (0x2)
                0x00000068                __trampolines_start = .
 *(.trampolines)
 .trampolines   0x00000068        0x0 linker stubs
 *(.trampolines*)
                0x00000068                __trampolines_end = .
 *libprintf_flt.a:*(.progmem.data)
 *libc.a:*(.progmem.data)
 *(.progmem*)
                0x00000068                . = ALIGN (0x2)
 *(.jumptables)
 *(.jumptables*)
 *(.lowtext)
 *(.lowtext*)
                0x00000068                __ctors_start = .
 *(.ctors)
                0x00000068                __ctors_end = .
                0x00000068                __dtors_start = .
 *(.dtors)
                0x00000068                __dtors_end = .
 SORT(*)(.ctors)
 SORT(*)(.dtors)
 *(.init0)
 .init0         0x00000068        0x0 C:/Program Files (x86)/Atmel/Studio/7.0/Packs/atmel/ATmega_DFP/1.2.150/gcc/dev/atmega328p/avr5/crtatmega328p.o
                0x00000068                __init
 *(.init0)
 *(.init1)
 *(.init1)
 *(.init2)
 .init2         0x00000068        0xc C:/Program Files (x86)/Atmel/Studio/7.0/Packs/atmel/ATmega_DFP/1.2.150/gcc/dev/atmega328p/avr5/crtatmega328p.o
 *(.init2)
 *(.init3)
 *(.init3)
 *(.init4)
 .init4         0x00000074       0x16 c:/program files (x86)/atmel/studio/7.0/toolchain/avr8/avr8-gnu-toolchain/bin/../lib/gcc/avr/5.4.0/avr5\libgcc.a(_copy_data.o)
                0x00000074                __do_copy_data
 .init4         0x0000008a       0x10 c:/program files (x86)/atmel/studio/7.0/toolchain/avr8/avr8-gnu-toolchain/bin/../lib/gcc/avr/5.4.0/avr5\libgcc.a(_clear_bss.o)
                0x0000008a                __do_clear_bss
 *(.init4)
 *(.init5)
 *(.init5)
 *(.init6)
 *(.init6)
 *(.init7)
 *(.init7)
 *(.init8)
 *(.init8)
 *(.init9)
 .init9         0x0000009a        0x8 C:/Program Files (x86)/Atmel/Studio/7.0/Packs/atmel/ATmega_DFP/1.2.150/gcc/dev/atmega328p/avr5/crtatmega328p.o
 *(.init9)
 *(.text)
                0x000000a2                . = ALIGN (0x2)
 *(.text.*)
 .text.setPin   0x000000a2       0x92 main.o
                0x000000a2                setPin
 .text.initADC  0x00000134        0xc main.o
                0x00000134                initADC
 .text.initErrorPin
                0x00000140        0xe main.o
                0x00000140                initErrorPin
 .text.setError
                0x0000014e       0x12 main.o
                0x0000014e                setError
 .text.startADC
                0x00000160       0x34 main.o
                0x00000160                startADC
 .text.init8BitsPWM
                0x00000194       0xf6 main.o
                0x00000194                init8BitsPWM
 .text.setPWM   0x0000028a      0x12e main.o
                0x0000028a                setPWM
 .text.initTimer
                0x000003b8       0x22 main.o
                0x000003b8                initTimer
 .text.main     0x000003da       0xd2 main.o
                0x000003da                main
 .text.__vector_1
                0x000004ac       0x4a main.o
                0x000004ac                __vector_1
 .text.__vector_2
                0x000004f6       0x4a main.o
                0x000004f6                __vector_2
 .text.__vector_3
                0x00000540       0x18 main.o
                0x00000540                __vector_3
 .text.__vector_4
                0x00000558       0x18 main.o
                0x00000558                __vector_4
 .text.__vector_5
                0x00000570       0x18 main.o
                0x00000570                __vector_5
 .text.__vector_6
                0x00000588       0x18 main.o
                0x00000588                __vector_6
 .text.__vector_7
                0x000005a0       0x18 main.o
                0x000005a0                __vector_7
 .text.__vector_8
                0x000005b8       0x18 main.o
                0x000005b8                __vector_8
 .text.__vector_9
                0x000005d0       0x18 main.o
                0x000005d0                __vector_9
 .text.__vector_10
                0x000005e8       0x18 main.o
                0x000005e8                __vector_10
 .text.__vector_11
                0x00000600       0xba main.o
                0x00000600                __vector_11
 .text.__vector_12
                0x000006ba       0x18 main.o
                0x000006ba                __vector_12
 .text.__vector_13
                0x000006d2       0x18 main.o
                0x000006d2                __vector_13
 .text.__vector_14
                0x000006ea       0x18 main.o
                0x000006ea                __vector_14
 .text.__vector_15
                0x00000702       0x18 main.o
                0x00000702                __vector_15
 .text.__vector_16
                0x0000071a       0x18 main.o
                0x0000071a                __vector_16
 .text.__vector_17
                0x00000732       0x18 main.o
                0x00000732                __vector_17
 .text.__vector_18
                0x0000074a       0x18 main.o
                0x0000074a                __vector_18
 .text.__vector_19
                0x00000762       0x18 main.o
                0x00000762                __vector_19
 .text.__vector_20
                0x0000077a       0x18 main.o
                0x0000077a                __vector_20
 .text.__vector_21
                0x00000792       0x32 main.o
                0x00000792                __vector_21
 .text.__vector_22
                0x000007c4       0x18 main.o
                0x000007c4                __vector_22
 .text.__vector_23
                0x000007dc       0x18 main.o
                0x000007dc                __vector_23
 .text.__vector_24
                0x000007f4       0x18 main.o
                0x000007f4                __vector_24
 .text.__vector_25
                0x0000080c       0x18 main.o
                0x0000080c                __vector_25
                0x00000824                . = ALIGN (0x2)
 *(.fini9)
 .fini9         0x00000824        0x0 c:/program files (x86)/atmel/studio/7.0/toolchain/avr8/avr8-gnu-toolchain/bin/../lib/gcc/avr/5.4.0/avr5\libgcc.a(_exit.o)
                0x00000824                _exit
                0x00000824                exit
 *(.fini9)
 *(.fini8)
 *(.fini8)
 *(.fini7)
 *(.fini7)
 *(.fini6)
 *(.fini6)
 *(.fini5)
 *(.fini5)
 *(.fini4)
 *(.fini4)
 *(.fini3)
 *(.fini3)
 *(.fini2)
 *(.fini2)
 *(.fini1)
 *(.fini1)
 *(.fini0)
 .fini0         0x00000824        0x4 c:/program files (x86)/atmel/studio/7.0/toolchain/avr8/avr8-gnu-toolchain/bin/../lib/gcc/avr/5.4.0/avr5\libgcc.a(_exit.o)
 *(.fini0)
                0x00000828                _etext = .

.data           0x00800100        0x2 load address 0x00000828
                0x00800100                PROVIDE (__data_start, .)
 *(.data)
 *(.data*)
 .data.errorPin
                0x00800100        0x1 main.o
                0x00800100                errorPin
 *(.gnu.linkonce.d*)
 *(.rodata)
 *(.rodata*)
 *(.gnu.linkonce.r*)
                0x00800102                . = ALIGN (0x2)
 *fill*         0x00800101        0x1 
                0x00800102                _edata = .
                0x00800102                PROVIDE (__data_end, .)

.bss            0x00800102       0x34
                0x00800102                PROVIDE (__bss_start, .)
 *(.bss)
 *(.bss*)
 .bss.channelADCinUse
                0x00800102        0x1 main.o
                0x00800102                channelADCinUse
 .bss.currentHBridge
                0x00800103        0x2 main.o
                0x00800103                currentHBridge
 .bss.temperatureMotor
                0x00800105        0x2 main.o
                0x00800105                temperatureMotor
 .bss.temperatureHBridge
                0x00800107        0x2 main.o
                0x00800107                temperatureHBridge
 .bss.errorCode
                0x00800109        0x1 main.o
                0x00800109                errorCode
 .bss.micros1000s
                0x0080010a        0x2 main.o
                0x0080010a                micros1000s
 .bss.microsSeconds
                0x0080010c        0x4 main.o
                0x0080010c                microsSeconds
 .bss.elapsed   0x00800110        0x2 main.o
                0x00800110                elapsed
 .bss.millisSeconds
                0x00800112        0x4 main.o
                0x00800112                millisSeconds
 .bss.pulsesEncCHB
                0x00800116        0x4 main.o
                0x00800116                pulsesEncCHB
 .bss.pulsesEncCHA
                0x0080011a        0x4 main.o
                0x0080011a                pulsesEncCHA
 .bss.result_ADC
                0x0080011e        0x2 main.o
                0x0080011e                result_ADC
 .bss.ISR_SPM   0x00800120        0x1 main.o
                0x00800120                ISR_SPM
 .bss.ISR_TWI   0x00800121        0x1 main.o
                0x00800121                ISR_TWI
 .bss.ISR_ANALOGCOMP
                0x00800122        0x1 main.o
                0x00800122                ISR_ANALOGCOMP
 .bss.ISR_EEREADY
                0x00800123        0x1 main.o
                0x00800123                ISR_EEREADY
 .bss.ISR_ADC   0x00800124        0x1 main.o
                0x00800124                ISR_ADC
 .bss.ISR_USARTTX
                0x00800125        0x1 main.o
                0x00800125                ISR_USARTTX
 .bss.ISR_USARTUDRE
                0x00800126        0x1 main.o
                0x00800126                ISR_USARTUDRE
 .bss.ISR_USARTRX
                0x00800127        0x1 main.o
                0x00800127                ISR_USARTRX
 .bss.ISR_SPI   0x00800128        0x1 main.o
                0x00800128                ISR_SPI
 .bss.ISR_TMR0OVF
                0x00800129        0x1 main.o
                0x00800129                ISR_TMR0OVF
 .bss.ISR_TMR0CB
                0x0080012a        0x1 main.o
                0x0080012a                ISR_TMR0CB
 .bss.ISR_TMR0CA
                0x0080012b        0x1 main.o
                0x0080012b                ISR_TMR0CA
 .bss.ISR_TMR1OVF
                0x0080012c        0x1 main.o
                0x0080012c                ISR_TMR1OVF
 .bss.ISR_TMR1CB
                0x0080012d        0x1 main.o
                0x0080012d                ISR_TMR1CB
 .bss.ISR_TMR1CAPT
                0x0080012e        0x1 main.o
                0x0080012e                ISR_TMR1CAPT
 .bss.ISR_TMR2OVF
                0x0080012f        0x1 main.o
                0x0080012f                ISR_TMR2OVF
 .bss.ISR_TMR2CB
                0x00800130        0x1 main.o
                0x00800130                ISR_TMR2CB
 .bss.ISR_TMR2CA
                0x00800131        0x1 main.o
                0x00800131                ISR_TMR2CA
 .bss.ISR_WDT   0x00800132        0x1 main.o
                0x00800132                ISR_WDT
 .bss.ISR_PCINT2
                0x00800133        0x1 main.o
                0x00800133                ISR_PCINT2
 .bss.ISR_PCINT1
                0x00800134        0x1 main.o
                0x00800134                ISR_PCINT1
 .bss.ISR_PCINT0
                0x00800135        0x1 main.o
                0x00800135                ISR_PCINT0
 *(COMMON)
                0x00800136                PROVIDE (__bss_end, .)
                0x00000828                __data_load_start = LOADADDR (.data)
                0x0000082a                __data_load_end = (__data_load_start + SIZEOF (.data))

.noinit         0x00800136        0x0
                [!provide]                PROVIDE (__noinit_start, .)
 *(.noinit*)
                [!provide]                PROVIDE (__noinit_end, .)
                0x00800136                _end = .
                [!provide]                PROVIDE (__heap_start, .)

.eeprom         0x00810000        0x0
 *(.eeprom*)
                0x00810000                __eeprom_end = .

.fuse
 *(.fuse)
 *(.lfuse)
 *(.hfuse)
 *(.efuse)

.lock
 *(.lock*)

.signature
 *(.signature*)

.user_signatures
 *(.user_signatures*)

.stab
 *(.stab)

.stabstr
 *(.stabstr)

.stab.excl
 *(.stab.excl)

.stab.exclstr
 *(.stab.exclstr)

.stab.index
 *(.stab.index)

.stab.indexstr
 *(.stab.indexstr)

.comment        0x00000000       0x30
 *(.comment)
 .comment       0x00000000       0x30 main.o
                                 0x31 (size before relaxing)

.note.gnu.avr.deviceinfo
                0x00000000       0x40
 .note.gnu.avr.deviceinfo
                0x00000000       0x40 C:/Program Files (x86)/Atmel/Studio/7.0/Packs/atmel/ATmega_DFP/1.2.150/gcc/dev/atmega328p/avr5/crtatmega328p.o

.note.gnu.build-id
 *(.note.gnu.build-id)

.debug
 *(.debug)

.line
 *(.line)

.debug_srcinfo
 *(.debug_srcinfo)

.debug_sfnames
 *(.debug_sfnames)

.debug_aranges  0x00000000      0x140
 *(.debug_aranges)
 .debug_aranges
                0x00000000      0x140 main.o

.debug_pubnames
 *(.debug_pubnames)

.debug_info     0x00000000      0xf7e
 *(.debug_info .gnu.linkonce.wi.*)
 .debug_info    0x00000000      0x5f4 C:/Program Files (x86)/Atmel/Studio/7.0/Packs/atmel/ATmega_DFP/1.2.150/gcc/dev/atmega328p/avr5/crtatmega328p.o
 .debug_info    0x000005f4      0x98a main.o

.debug_abbrev   0x00000000      0x766
 *(.debug_abbrev)
 .debug_abbrev  0x00000000      0x5a2 C:/Program Files (x86)/Atmel/Studio/7.0/Packs/atmel/ATmega_DFP/1.2.150/gcc/dev/atmega328p/avr5/crtatmega328p.o
 .debug_abbrev  0x000005a2      0x1c4 main.o

.debug_line     0x00000000      0x8a1
 *(.debug_line .debug_line.* .debug_line_end)
 .debug_line    0x00000000      0x133 C:/Program Files (x86)/Atmel/Studio/7.0/Packs/atmel/ATmega_DFP/1.2.150/gcc/dev/atmega328p/avr5/crtatmega328p.o
 .debug_line    0x00000133      0x76e main.o

.debug_frame    0x00000000      0x3e4
 *(.debug_frame)
 .debug_frame   0x00000000      0x3e4 main.o

.debug_str      0x00000000      0x756
 *(.debug_str)
 .debug_str     0x00000000      0x208 C:/Program Files (x86)/Atmel/Studio/7.0/Packs/atmel/ATmega_DFP/1.2.150/gcc/dev/atmega328p/avr5/crtatmega328p.o
 .debug_str     0x00000208      0x54e main.o
                                0x582 (size before relaxing)

.debug_loc      0x00000000      0x836
 *(.debug_loc)
 .debug_loc     0x00000000      0x836 main.o

.debug_macinfo
 *(.debug_macinfo)

.debug_weaknames
 *(.debug_weaknames)

.debug_funcnames
 *(.debug_funcnames)

.debug_typenames
 *(.debug_typenames)

.debug_varnames
 *(.debug_varnames)

.debug_pubtypes
 *(.debug_pubtypes)

.debug_ranges   0x00000000      0x130
 *(.debug_ranges)
 .debug_ranges  0x00000000      0x130 main.o

.debug_macro
 *(.debug_macro)
OUTPUT(Robot.elf elf32-avr)
LOAD linker stubs
