Archive member included to satisfy reference by file (symbol)

c:/program files (x86)/atmel/studio/7.0/toolchain/avr8/avr8-gnu-toolchain/bin/../lib/gcc/avr/5.4.0/avr5\libgcc.a(_exit.o)
                              C:/Program Files (x86)/Atmel/Studio/7.0/Packs/atmel/ATmega_DFP/1.2.150/gcc/dev/atmega328p/avr5/crtatmega328p.o (exit)
c:/program files (x86)/atmel/studio/7.0/toolchain/avr8/avr8-gnu-toolchain/bin/../lib/gcc/avr/5.4.0/avr5\libgcc.a(_copy_data.o)
                              main.o (__do_copy_data)
c:/program files (x86)/atmel/studio/7.0/toolchain/avr8/avr8-gnu-toolchain/bin/../lib/gcc/avr/5.4.0/avr5\libgcc.a(_clear_bss.o)
                              main.o (__do_clear_bss)

Allocating common symbols
Common symbol       size              file

milliSecondes       0x4               PersonalLibraries/Timer/Timer.o
microsSecondes      0x4               PersonalLibraries/Timer/Timer.o

Discarded input sections

 .data          0x00000000        0x0 C:/Program Files (x86)/Atmel/Studio/7.0/Packs/atmel/ATmega_DFP/1.2.150/gcc/dev/atmega328p/avr5/crtatmega328p.o
 .bss           0x00000000        0x0 C:/Program Files (x86)/Atmel/Studio/7.0/Packs/atmel/ATmega_DFP/1.2.150/gcc/dev/atmega328p/avr5/crtatmega328p.o
 .text          0x00000000        0x0 main.o
 .data          0x00000000        0x0 main.o
 .bss           0x00000000        0x0 main.o
 .bss.timestampEncLeft
                0x00000000        0x2 main.o
 .bss.timestampEncRight
                0x00000000        0x2 main.o
 .bss.previousPIDErrorLeft
                0x00000000        0x2 main.o
 .bss.previousPIDErrorRight
                0x00000000        0x2 main.o
 .bss.PIDIntegratorLeft
                0x00000000        0x2 main.o
 .bss.PIDIntegratorRight
                0x00000000        0x2 main.o
 .bss.previousTickEncLeft
                0x00000000        0x2 main.o
 .bss.previousTickEncRight
                0x00000000        0x2 main.o
 .data.speedPIDSetpointLeft
                0x00000000        0x1 main.o
 .data.speedPIDSetpointRight
                0x00000000        0x1 main.o
 .bss.loopCounter
                0x00000000        0x2 main.o
 .bss.tickEncLeft
                0x00000000        0x2 main.o
 .bss.tickEncRight
                0x00000000        0x2 main.o
 .rodata.PIDAttenuation
                0x00000000        0x2 main.o
 .rodata.kd     0x00000000        0x2 main.o
 .rodata.ki     0x00000000        0x2 main.o
 .rodata.kp     0x00000000        0x2 main.o
 .rodata.PIDPeriod
                0x00000000        0x1 main.o
 .rodata.maxSpeed
                0x00000000        0x2 main.o
 .rodata.minSpeed
                0x00000000        0x1 main.o
 .bss.ISR_SPM   0x00000000        0x1 main.o
 .bss.ISR_TWI   0x00000000        0x1 main.o
 .bss.ISR_ANALOGCOMP
                0x00000000        0x1 main.o
 .bss.ISR_EEREADY
                0x00000000        0x1 main.o
 .bss.ISR_USARTTX
                0x00000000        0x1 main.o
 .bss.ISR_USARTUDRE
                0x00000000        0x1 main.o
 .bss.ISR_USARTRX
                0x00000000        0x1 main.o
 .bss.ISR_SPI   0x00000000        0x1 main.o
 .bss.ISR_TMR0CB
                0x00000000        0x1 main.o
 .bss.ISR_TMR0CA
                0x00000000        0x1 main.o
 .bss.ISR_TMR1OVF
                0x00000000        0x1 main.o
 .bss.ISR_TMR1CB
                0x00000000        0x1 main.o
 .bss.ISR_TMR1CA
                0x00000000        0x1 main.o
 .bss.ISR_TMR2OVF
                0x00000000        0x1 main.o
 .bss.ISR_TMR2CB
                0x00000000        0x1 main.o
 .bss.ISR_TMR2CA
                0x00000000        0x1 main.o
 .bss.ISR_WDT   0x00000000        0x1 main.o
 .bss.ISR_PCINT2
                0x00000000        0x1 main.o
 .bss.ISR_PCINT1
                0x00000000        0x1 main.o
 .bss.ISR_PCINT0
                0x00000000        0x1 main.o
 .bss.ISR_INT1  0x00000000        0x1 main.o
 .bss.ISR_INT0  0x00000000        0x1 main.o
 .bss.ISR_RESET
                0x00000000        0x1 main.o
 .text          0x00000000        0x0 PersonalLibraries/ADC/ADC.o
 .data          0x00000000        0x0 PersonalLibraries/ADC/ADC.o
 .bss           0x00000000        0x0 PersonalLibraries/ADC/ADC.o
 .text          0x00000000        0x0 PersonalLibraries/ErrorManager/ErrorManager.o
 .data          0x00000000        0x0 PersonalLibraries/ErrorManager/ErrorManager.o
 .bss           0x00000000        0x0 PersonalLibraries/ErrorManager/ErrorManager.o
 .text.clearError
                0x00000000       0x46 PersonalLibraries/ErrorManager/ErrorManager.o
 .text          0x00000000        0x0 PersonalLibraries/PWM/PWM.o
 .data          0x00000000        0x0 PersonalLibraries/PWM/PWM.o
 .bss           0x00000000        0x0 PersonalLibraries/PWM/PWM.o
 .text          0x00000000        0x0 PersonalLibraries/Timer/Timer.o
 .data          0x00000000        0x0 PersonalLibraries/Timer/Timer.o
 .bss           0x00000000        0x0 PersonalLibraries/Timer/Timer.o
 .text.initTimer
                0x00000000       0x22 PersonalLibraries/Timer/Timer.o
 .text.micros   0x00000000       0x12 PersonalLibraries/Timer/Timer.o
 .text.millis   0x00000000       0x12 PersonalLibraries/Timer/Timer.o
 .text.startPulseLength
                0x00000000       0x36 PersonalLibraries/Timer/Timer.o
 .text.getPulseLength
                0x00000000       0x12 PersonalLibraries/Timer/Timer.o
 .text          0x00000000        0x0 c:/program files (x86)/atmel/studio/7.0/toolchain/avr8/avr8-gnu-toolchain/bin/../lib/gcc/avr/5.4.0/avr5\libgcc.a(_exit.o)
 .data          0x00000000        0x0 c:/program files (x86)/atmel/studio/7.0/toolchain/avr8/avr8-gnu-toolchain/bin/../lib/gcc/avr/5.4.0/avr5\libgcc.a(_exit.o)
 .bss           0x00000000        0x0 c:/program files (x86)/atmel/studio/7.0/toolchain/avr8/avr8-gnu-toolchain/bin/../lib/gcc/avr/5.4.0/avr5\libgcc.a(_exit.o)
 .text.libgcc.mul
                0x00000000        0x0 c:/program files (x86)/atmel/studio/7.0/toolchain/avr8/avr8-gnu-toolchain/bin/../lib/gcc/avr/5.4.0/avr5\libgcc.a(_exit.o)
 .text.libgcc.div
                0x00000000        0x0 c:/program files (x86)/atmel/studio/7.0/toolchain/avr8/avr8-gnu-toolchain/bin/../lib/gcc/avr/5.4.0/avr5\libgcc.a(_exit.o)
 .text.libgcc   0x00000000        0x0 c:/program files (x86)/atmel/studio/7.0/toolchain/avr8/avr8-gnu-toolchain/bin/../lib/gcc/avr/5.4.0/avr5\libgcc.a(_exit.o)
 .text.libgcc.prologue
                0x00000000        0x0 c:/program files (x86)/atmel/studio/7.0/toolchain/avr8/avr8-gnu-toolchain/bin/../lib/gcc/avr/5.4.0/avr5\libgcc.a(_exit.o)
 .text.libgcc.builtins
                0x00000000        0x0 c:/program files (x86)/atmel/studio/7.0/toolchain/avr8/avr8-gnu-toolchain/bin/../lib/gcc/avr/5.4.0/avr5\libgcc.a(_exit.o)
 .text.libgcc.fmul
                0x00000000        0x0 c:/program files (x86)/atmel/studio/7.0/toolchain/avr8/avr8-gnu-toolchain/bin/../lib/gcc/avr/5.4.0/avr5\libgcc.a(_exit.o)
 .text.libgcc.fixed
                0x00000000        0x0 c:/program files (x86)/atmel/studio/7.0/toolchain/avr8/avr8-gnu-toolchain/bin/../lib/gcc/avr/5.4.0/avr5\libgcc.a(_exit.o)
 .text          0x00000000        0x0 c:/program files (x86)/atmel/studio/7.0/toolchain/avr8/avr8-gnu-toolchain/bin/../lib/gcc/avr/5.4.0/avr5\libgcc.a(_copy_data.o)
 .data          0x00000000        0x0 c:/program files (x86)/atmel/studio/7.0/toolchain/avr8/avr8-gnu-toolchain/bin/../lib/gcc/avr/5.4.0/avr5\libgcc.a(_copy_data.o)
 .bss           0x00000000        0x0 c:/program files (x86)/atmel/studio/7.0/toolchain/avr8/avr8-gnu-toolchain/bin/../lib/gcc/avr/5.4.0/avr5\libgcc.a(_copy_data.o)
 .text.libgcc.mul
                0x00000000        0x0 c:/program files (x86)/atmel/studio/7.0/toolchain/avr8/avr8-gnu-toolchain/bin/../lib/gcc/avr/5.4.0/avr5\libgcc.a(_copy_data.o)
 .text.libgcc.div
                0x00000000        0x0 c:/program files (x86)/atmel/studio/7.0/toolchain/avr8/avr8-gnu-toolchain/bin/../lib/gcc/avr/5.4.0/avr5\libgcc.a(_copy_data.o)
 .text.libgcc   0x00000000        0x0 c:/program files (x86)/atmel/studio/7.0/toolchain/avr8/avr8-gnu-toolchain/bin/../lib/gcc/avr/5.4.0/avr5\libgcc.a(_copy_data.o)
 .text.libgcc.prologue
                0x00000000        0x0 c:/program files (x86)/atmel/studio/7.0/toolchain/avr8/avr8-gnu-toolchain/bin/../lib/gcc/avr/5.4.0/avr5\libgcc.a(_copy_data.o)
 .text.libgcc.builtins
                0x00000000        0x0 c:/program files (x86)/atmel/studio/7.0/toolchain/avr8/avr8-gnu-toolchain/bin/../lib/gcc/avr/5.4.0/avr5\libgcc.a(_copy_data.o)
 .text.libgcc.fmul
                0x00000000        0x0 c:/program files (x86)/atmel/studio/7.0/toolchain/avr8/avr8-gnu-toolchain/bin/../lib/gcc/avr/5.4.0/avr5\libgcc.a(_copy_data.o)
 .text.libgcc.fixed
                0x00000000        0x0 c:/program files (x86)/atmel/studio/7.0/toolchain/avr8/avr8-gnu-toolchain/bin/../lib/gcc/avr/5.4.0/avr5\libgcc.a(_copy_data.o)
 .text          0x00000000        0x0 c:/program files (x86)/atmel/studio/7.0/toolchain/avr8/avr8-gnu-toolchain/bin/../lib/gcc/avr/5.4.0/avr5\libgcc.a(_clear_bss.o)
 .data          0x00000000        0x0 c:/program files (x86)/atmel/studio/7.0/toolchain/avr8/avr8-gnu-toolchain/bin/../lib/gcc/avr/5.4.0/avr5\libgcc.a(_clear_bss.o)
 .bss           0x00000000        0x0 c:/program files (x86)/atmel/studio/7.0/toolchain/avr8/avr8-gnu-toolchain/bin/../lib/gcc/avr/5.4.0/avr5\libgcc.a(_clear_bss.o)
 .text.libgcc.mul
                0x00000000        0x0 c:/program files (x86)/atmel/studio/7.0/toolchain/avr8/avr8-gnu-toolchain/bin/../lib/gcc/avr/5.4.0/avr5\libgcc.a(_clear_bss.o)
 .text.libgcc.div
                0x00000000        0x0 c:/program files (x86)/atmel/studio/7.0/toolchain/avr8/avr8-gnu-toolchain/bin/../lib/gcc/avr/5.4.0/avr5\libgcc.a(_clear_bss.o)
 .text.libgcc   0x00000000        0x0 c:/program files (x86)/atmel/studio/7.0/toolchain/avr8/avr8-gnu-toolchain/bin/../lib/gcc/avr/5.4.0/avr5\libgcc.a(_clear_bss.o)
 .text.libgcc.prologue
                0x00000000        0x0 c:/program files (x86)/atmel/studio/7.0/toolchain/avr8/avr8-gnu-toolchain/bin/../lib/gcc/avr/5.4.0/avr5\libgcc.a(_clear_bss.o)
 .text.libgcc.builtins
                0x00000000        0x0 c:/program files (x86)/atmel/studio/7.0/toolchain/avr8/avr8-gnu-toolchain/bin/../lib/gcc/avr/5.4.0/avr5\libgcc.a(_clear_bss.o)
 .text.libgcc.fmul
                0x00000000        0x0 c:/program files (x86)/atmel/studio/7.0/toolchain/avr8/avr8-gnu-toolchain/bin/../lib/gcc/avr/5.4.0/avr5\libgcc.a(_clear_bss.o)
 .text.libgcc.fixed
                0x00000000        0x0 c:/program files (x86)/atmel/studio/7.0/toolchain/avr8/avr8-gnu-toolchain/bin/../lib/gcc/avr/5.4.0/avr5\libgcc.a(_clear_bss.o)

Memory Configuration

Name             Origin             Length             Attributes
text             0x00000000         0x00020000         xr
data             0x00800060         0x0000ffa0         rw !x
eeprom           0x00810000         0x00010000         rw !x
fuse             0x00820000         0x00000003         rw !x
lock             0x00830000         0x00000400         rw !x
signature        0x00840000         0x00000400         rw !x
user_signatures  0x00850000         0x00000400         rw !x
*default*        0x00000000         0xffffffff

Linker script and memory map

Address of section .data set to 0x800100
LOAD C:/Program Files (x86)/Atmel/Studio/7.0/Packs/atmel/ATmega_DFP/1.2.150/gcc/dev/atmega328p/avr5/crtatmega328p.o
LOAD main.o
LOAD PersonalLibraries/ADC/ADC.o
LOAD PersonalLibraries/ErrorManager/ErrorManager.o
LOAD PersonalLibraries/PWM/PWM.o
LOAD PersonalLibraries/Timer/Timer.o
START GROUP
LOAD c:/program files (x86)/atmel/studio/7.0/toolchain/avr8/avr8-gnu-toolchain/bin/../lib/gcc/avr/5.4.0/../../../../avr/lib/avr5\libm.a
END GROUP
START GROUP
LOAD c:/program files (x86)/atmel/studio/7.0/toolchain/avr8/avr8-gnu-toolchain/bin/../lib/gcc/avr/5.4.0/avr5\libgcc.a
LOAD c:/program files (x86)/atmel/studio/7.0/toolchain/avr8/avr8-gnu-toolchain/bin/../lib/gcc/avr/5.4.0/../../../../avr/lib/avr5\libm.a
LOAD c:/program files (x86)/atmel/studio/7.0/toolchain/avr8/avr8-gnu-toolchain/bin/../lib/gcc/avr/5.4.0/../../../../avr/lib/avr5\libc.a
LOAD C:/Program Files (x86)/Atmel/Studio/7.0/Packs/atmel/ATmega_DFP/1.2.150/gcc/dev/atmega328p/avr5\libatmega328p.a
END GROUP
                0x00020000                __TEXT_REGION_LENGTH__ = DEFINED (__TEXT_REGION_LENGTH__)?__TEXT_REGION_LENGTH__:0x20000
                0x0000ffa0                __DATA_REGION_LENGTH__ = DEFINED (__DATA_REGION_LENGTH__)?__DATA_REGION_LENGTH__:0xffa0
                0x00010000                __EEPROM_REGION_LENGTH__ = DEFINED (__EEPROM_REGION_LENGTH__)?__EEPROM_REGION_LENGTH__:0x10000
                [0x00000003]                __FUSE_REGION_LENGTH__ = DEFINED (__FUSE_REGION_LENGTH__)?__FUSE_REGION_LENGTH__:0x400
                0x00000400                __LOCK_REGION_LENGTH__ = DEFINED (__LOCK_REGION_LENGTH__)?__LOCK_REGION_LENGTH__:0x400
                0x00000400                __SIGNATURE_REGION_LENGTH__ = DEFINED (__SIGNATURE_REGION_LENGTH__)?__SIGNATURE_REGION_LENGTH__:0x400
                0x00000400                __USER_SIGNATURE_REGION_LENGTH__ = DEFINED (__USER_SIGNATURE_REGION_LENGTH__)?__USER_SIGNATURE_REGION_LENGTH__:0x400

.hash
 *(.hash)

.dynsym
 *(.dynsym)

.dynstr
 *(.dynstr)

.gnu.version
 *(.gnu.version)

.gnu.version_d
 *(.gnu.version_d)

.gnu.version_r
 *(.gnu.version_r)

.rel.init
 *(.rel.init)

.rela.init
 *(.rela.init)

.rel.text
 *(.rel.text)
 *(.rel.text.*)
 *(.rel.gnu.linkonce.t*)

.rela.text
 *(.rela.text)
 *(.rela.text.*)
 *(.rela.gnu.linkonce.t*)

.rel.fini
 *(.rel.fini)

.rela.fini
 *(.rela.fini)

.rel.rodata
 *(.rel.rodata)
 *(.rel.rodata.*)
 *(.rel.gnu.linkonce.r*)

.rela.rodata
 *(.rela.rodata)
 *(.rela.rodata.*)
 *(.rela.gnu.linkonce.r*)

.rel.data
 *(.rel.data)
 *(.rel.data.*)
 *(.rel.gnu.linkonce.d*)

.rela.data
 *(.rela.data)
 *(.rela.data.*)
 *(.rela.gnu.linkonce.d*)

.rel.ctors
 *(.rel.ctors)

.rela.ctors
 *(.rela.ctors)

.rel.dtors
 *(.rel.dtors)

.rela.dtors
 *(.rela.dtors)

.rel.got
 *(.rel.got)

.rela.got
 *(.rela.got)

.rel.bss
 *(.rel.bss)

.rela.bss
 *(.rela.bss)

.rel.plt
 *(.rel.plt)

.rela.plt
 *(.rela.plt)

.text           0x00000000      0x386
 *(.vectors)
 .vectors       0x00000000       0x68 C:/Program Files (x86)/Atmel/Studio/7.0/Packs/atmel/ATmega_DFP/1.2.150/gcc/dev/atmega328p/avr5/crtatmega328p.o
                0x00000000                __vector_default
                0x00000000                __vectors
 *(.vectors)
 *(.progmem.gcc*)
                0x00000068                . = ALIGN (0x2)
                0x00000068                __trampolines_start = .
 *(.trampolines)
 .trampolines   0x00000068        0x0 linker stubs
 *(.trampolines*)
                0x00000068                __trampolines_end = .
 *libprintf_flt.a:*(.progmem.data)
 *libc.a:*(.progmem.data)
 *(.progmem*)
                0x00000068                . = ALIGN (0x2)
 *(.jumptables)
 *(.jumptables*)
 *(.lowtext)
 *(.lowtext*)
                0x00000068                __ctors_start = .
 *(.ctors)
                0x00000068                __ctors_end = .
                0x00000068                __dtors_start = .
 *(.dtors)
                0x00000068                __dtors_end = .
 SORT(*)(.ctors)
 SORT(*)(.dtors)
 *(.init0)
 .init0         0x00000068        0x0 C:/Program Files (x86)/Atmel/Studio/7.0/Packs/atmel/ATmega_DFP/1.2.150/gcc/dev/atmega328p/avr5/crtatmega328p.o
                0x00000068                __init
 *(.init0)
 *(.init1)
 *(.init1)
 *(.init2)
 .init2         0x00000068        0xc C:/Program Files (x86)/Atmel/Studio/7.0/Packs/atmel/ATmega_DFP/1.2.150/gcc/dev/atmega328p/avr5/crtatmega328p.o
 *(.init2)
 *(.init3)
 *(.init3)
 *(.init4)
 .init4         0x00000074       0x16 c:/program files (x86)/atmel/studio/7.0/toolchain/avr8/avr8-gnu-toolchain/bin/../lib/gcc/avr/5.4.0/avr5\libgcc.a(_copy_data.o)
                0x00000074                __do_copy_data
 .init4         0x0000008a       0x10 c:/program files (x86)/atmel/studio/7.0/toolchain/avr8/avr8-gnu-toolchain/bin/../lib/gcc/avr/5.4.0/avr5\libgcc.a(_clear_bss.o)
                0x0000008a                __do_clear_bss
 *(.init4)
 *(.init5)
 *(.init5)
 *(.init6)
 *(.init6)
 *(.init7)
 *(.init7)
 *(.init8)
 *(.init8)
 *(.init9)
 .init9         0x0000009a        0x8 C:/Program Files (x86)/Atmel/Studio/7.0/Packs/atmel/ATmega_DFP/1.2.150/gcc/dev/atmega328p/avr5/crtatmega328p.o
 *(.init9)
 *(.text)
 .text          0x000000a2        0x4 C:/Program Files (x86)/Atmel/Studio/7.0/Packs/atmel/ATmega_DFP/1.2.150/gcc/dev/atmega328p/avr5/crtatmega328p.o
                0x000000a2                __vector_22
                0x000000a2                __vector_1
                0x000000a2                __vector_24
                0x000000a2                __vector_12
                0x000000a2                __bad_interrupt
                0x000000a2                __vector_6
                0x000000a2                __vector_3
                0x000000a2                __vector_23
                0x000000a2                __vector_25
                0x000000a2                __vector_11
                0x000000a2                __vector_17
                0x000000a2                __vector_19
                0x000000a2                __vector_7
                0x000000a2                __vector_5
                0x000000a2                __vector_4
                0x000000a2                __vector_9
                0x000000a2                __vector_2
                0x000000a2                __vector_15
                0x000000a2                __vector_8
                0x000000a2                __vector_14
                0x000000a2                __vector_18
                0x000000a2                __vector_20
                0x000000a6                . = ALIGN (0x2)
 *(.text.*)
 .text.main     0x000000a6       0x5c main.o
                0x000000a6                main
 .text.initADC  0x00000102        0xc PersonalLibraries/ADC/ADC.o
                0x00000102                initADC
 .text.startADC
                0x0000010e       0x22 PersonalLibraries/ADC/ADC.o
                0x0000010e                startADC
 .text.getADCValue
                0x00000130        0xe PersonalLibraries/ADC/ADC.o
                0x00000130                getADCValue
 .text.__vector_21
                0x0000013e       0x1e PersonalLibraries/ADC/ADC.o
                0x0000013e                __vector_21
 .text.initErrorPin
                0x0000015c       0x7a PersonalLibraries/ErrorManager/ErrorManager.o
                0x0000015c                initErrorPin
 .text.setError
                0x000001d6       0x86 PersonalLibraries/ErrorManager/ErrorManager.o
                0x000001d6                setError
 .text.initPWM  0x0000025c       0x12 PersonalLibraries/PWM/PWM.o
                0x0000025c                initPWM
 .text.setPWM   0x0000026e       0x18 PersonalLibraries/PWM/PWM.o
                0x0000026e                setPWM
 .text.__vector_16
                0x00000286       0x9c PersonalLibraries/Timer/Timer.o
                0x00000286                __vector_16
 .text.__vector_10
                0x00000322       0x36 PersonalLibraries/Timer/Timer.o
                0x00000322                __vector_10
 .text.__vector_13
                0x00000358       0x2a PersonalLibraries/Timer/Timer.o
                0x00000358                __vector_13
                0x00000382                . = ALIGN (0x2)
 *(.fini9)
 .fini9         0x00000382        0x0 c:/program files (x86)/atmel/studio/7.0/toolchain/avr8/avr8-gnu-toolchain/bin/../lib/gcc/avr/5.4.0/avr5\libgcc.a(_exit.o)
                0x00000382                _exit
                0x00000382                exit
 *(.fini9)
 *(.fini8)
 *(.fini8)
 *(.fini7)
 *(.fini7)
 *(.fini6)
 *(.fini6)
 *(.fini5)
 *(.fini5)
 *(.fini4)
 *(.fini4)
 *(.fini3)
 *(.fini3)
 *(.fini2)
 *(.fini2)
 *(.fini1)
 *(.fini1)
 *(.fini0)
 .fini0         0x00000382        0x4 c:/program files (x86)/atmel/studio/7.0/toolchain/avr8/avr8-gnu-toolchain/bin/../lib/gcc/avr/5.4.0/avr5\libgcc.a(_exit.o)
 *(.fini0)
                0x00000386                _etext = .

.data           0x00800100        0x2 load address 0x00000386
                0x00800100                PROVIDE (__data_start, .)
 *(.data)
 *(.data*)
 .data.pin      0x00800100        0x1 PersonalLibraries/ErrorManager/ErrorManager.o
                0x00800100                pin
 *(.gnu.linkonce.d*)
 *(.rodata)
 *(.rodata*)
 *(.gnu.linkonce.r*)
                0x00800102                . = ALIGN (0x2)
 *fill*         0x00800101        0x1 
                0x00800102                _edata = .
                0x00800102                PROVIDE (__data_end, .)

.bss            0x00800102       0x10
                0x00800102                PROVIDE (__bss_start, .)
 *(.bss)
 *(.bss*)
 .bss.ISR_ADC   0x00800102        0x1 main.o
                0x00800102                ISR_ADC
 .bss.ISR_TMR1CAPT
                0x00800103        0x1 main.o
                0x00800103                ISR_TMR1CAPT
 .bss.error     0x00800104        0x1 PersonalLibraries/ErrorManager/ErrorManager.o
                0x00800104                error
 .bss.port      0x00800105        0x1 PersonalLibraries/ErrorManager/ErrorManager.o
                0x00800105                port
 .bss.us1000Counter
                0x00800106        0x2 PersonalLibraries/Timer/Timer.o
                0x00800106                us1000Counter
 .bss.captTimestamp
                0x00800108        0x2 PersonalLibraries/Timer/Timer.o
                0x00800108                captTimestamp
 *(COMMON)
 COMMON         0x0080010a        0x8 PersonalLibraries/Timer/Timer.o
                0x0080010a                milliSecondes
                0x0080010e                microsSecondes
                0x00800112                PROVIDE (__bss_end, .)
                0x00000386                __data_load_start = LOADADDR (.data)
                0x00000388                __data_load_end = (__data_load_start + SIZEOF (.data))

.noinit         0x00800112        0x0
                [!provide]                PROVIDE (__noinit_start, .)
 *(.noinit*)
                [!provide]                PROVIDE (__noinit_end, .)
                0x00800112                _end = .
                [!provide]                PROVIDE (__heap_start, .)

.eeprom         0x00810000        0x0
 *(.eeprom*)
                0x00810000                __eeprom_end = .

.fuse
 *(.fuse)
 *(.lfuse)
 *(.hfuse)
 *(.efuse)

.lock
 *(.lock*)

.signature
 *(.signature*)

.user_signatures
 *(.user_signatures*)

.stab
 *(.stab)

.stabstr
 *(.stabstr)

.stab.excl
 *(.stab.excl)

.stab.exclstr
 *(.stab.exclstr)

.stab.index
 *(.stab.index)

.stab.indexstr
 *(.stab.indexstr)

.comment        0x00000000       0x30
 *(.comment)
 .comment       0x00000000       0x30 main.o
                                 0x31 (size before relaxing)
 .comment       0x00000030       0x31 PersonalLibraries/ADC/ADC.o
 .comment       0x00000030       0x31 PersonalLibraries/ErrorManager/ErrorManager.o
 .comment       0x00000030       0x31 PersonalLibraries/PWM/PWM.o
 .comment       0x00000030       0x31 PersonalLibraries/Timer/Timer.o

.note.gnu.avr.deviceinfo
                0x00000000       0x40
 .note.gnu.avr.deviceinfo
                0x00000000       0x40 C:/Program Files (x86)/Atmel/Studio/7.0/Packs/atmel/ATmega_DFP/1.2.150/gcc/dev/atmega328p/avr5/crtatmega328p.o

.note.gnu.build-id
 *(.note.gnu.build-id)

.debug
 *(.debug)

.line
 *(.line)

.debug_srcinfo
 *(.debug_srcinfo)

.debug_sfnames
 *(.debug_sfnames)

.debug_aranges  0x00000000      0x108
 *(.debug_aranges)
 .debug_aranges
                0x00000000       0x20 main.o
 .debug_aranges
                0x00000020       0x38 PersonalLibraries/ADC/ADC.o
 .debug_aranges
                0x00000058       0x30 PersonalLibraries/ErrorManager/ErrorManager.o
 .debug_aranges
                0x00000088       0x28 PersonalLibraries/PWM/PWM.o
 .debug_aranges
                0x000000b0       0x58 PersonalLibraries/Timer/Timer.o

.debug_pubnames
 *(.debug_pubnames)

.debug_info     0x00000000      0xffc
 *(.debug_info .gnu.linkonce.wi.*)
 .debug_info    0x00000000      0x5f4 C:/Program Files (x86)/Atmel/Studio/7.0/Packs/atmel/ATmega_DFP/1.2.150/gcc/dev/atmega328p/avr5/crtatmega328p.o
 .debug_info    0x000005f4      0x4c8 main.o
 .debug_info    0x00000abc      0x12b PersonalLibraries/ADC/ADC.o
 .debug_info    0x00000be7      0x179 PersonalLibraries/ErrorManager/ErrorManager.o
 .debug_info    0x00000d60       0xd7 PersonalLibraries/PWM/PWM.o
 .debug_info    0x00000e37      0x1c5 PersonalLibraries/Timer/Timer.o

.debug_abbrev   0x00000000      0x9cb
 *(.debug_abbrev)
 .debug_abbrev  0x00000000      0x5a2 C:/Program Files (x86)/Atmel/Studio/7.0/Packs/atmel/ATmega_DFP/1.2.150/gcc/dev/atmega328p/avr5/crtatmega328p.o
 .debug_abbrev  0x000005a2       0xe3 main.o
 .debug_abbrev  0x00000685       0xfa PersonalLibraries/ADC/ADC.o
 .debug_abbrev  0x0000077f       0xcb PersonalLibraries/ErrorManager/ErrorManager.o
 .debug_abbrev  0x0000084a       0xa1 PersonalLibraries/PWM/PWM.o
 .debug_abbrev  0x000008eb       0xe0 PersonalLibraries/Timer/Timer.o

.debug_line     0x00000000      0x8ed
 *(.debug_line .debug_line.* .debug_line_end)
 .debug_line    0x00000000      0x133 C:/Program Files (x86)/Atmel/Studio/7.0/Packs/atmel/ATmega_DFP/1.2.150/gcc/dev/atmega328p/avr5/crtatmega328p.o
 .debug_line    0x00000133      0x185 main.o
 .debug_line    0x000002b8      0x15b PersonalLibraries/ADC/ADC.o
 .debug_line    0x00000413      0x1c2 PersonalLibraries/ErrorManager/ErrorManager.o
 .debug_line    0x000005d5      0x12a PersonalLibraries/PWM/PWM.o
 .debug_line    0x000006ff      0x1ee PersonalLibraries/Timer/Timer.o

.debug_frame    0x00000000      0x1dc
 *(.debug_frame)
 .debug_frame   0x00000000       0x24 main.o
 .debug_frame   0x00000024       0x64 PersonalLibraries/ADC/ADC.o
 .debug_frame   0x00000088       0x44 PersonalLibraries/ErrorManager/ErrorManager.o
 .debug_frame   0x000000cc       0x34 PersonalLibraries/PWM/PWM.o
 .debug_frame   0x00000100       0xdc PersonalLibraries/Timer/Timer.o

.debug_str      0x00000000      0x748
 *(.debug_str)
 .debug_str     0x00000000      0x208 C:/Program Files (x86)/Atmel/Studio/7.0/Packs/atmel/ATmega_DFP/1.2.150/gcc/dev/atmega328p/avr5/crtatmega328p.o
 .debug_str     0x00000208      0x3a5 main.o
                                0x3e2 (size before relaxing)
 .debug_str     0x000005ad       0x43 PersonalLibraries/ADC/ADC.o
                                0x1d3 (size before relaxing)
 .debug_str     0x000005f0       0x5a PersonalLibraries/ErrorManager/ErrorManager.o
                                0x1d2 (size before relaxing)
 .debug_str     0x0000064a       0x2f PersonalLibraries/PWM/PWM.o
                                0x1a9 (size before relaxing)
 .debug_str     0x00000679       0xcf PersonalLibraries/Timer/Timer.o
                                0x247 (size before relaxing)

.debug_loc      0x00000000      0x2e0
 *(.debug_loc)
 .debug_loc     0x00000000       0x2c main.o
 .debug_loc     0x0000002c       0x76 PersonalLibraries/ADC/ADC.o
 .debug_loc     0x000000a2       0xe6 PersonalLibraries/ErrorManager/ErrorManager.o
 .debug_loc     0x00000188       0x42 PersonalLibraries/PWM/PWM.o
 .debug_loc     0x000001ca      0x116 PersonalLibraries/Timer/Timer.o

.debug_macinfo
 *(.debug_macinfo)

.debug_weaknames
 *(.debug_weaknames)

.debug_funcnames
 *(.debug_funcnames)

.debug_typenames
 *(.debug_typenames)

.debug_varnames
 *(.debug_varnames)

.debug_pubtypes
 *(.debug_pubtypes)

.debug_ranges   0x00000000       0xb8
 *(.debug_ranges)
 .debug_ranges  0x00000000       0x10 main.o
 .debug_ranges  0x00000010       0x28 PersonalLibraries/ADC/ADC.o
 .debug_ranges  0x00000038       0x20 PersonalLibraries/ErrorManager/ErrorManager.o
 .debug_ranges  0x00000058       0x18 PersonalLibraries/PWM/PWM.o
 .debug_ranges  0x00000070       0x48 PersonalLibraries/Timer/Timer.o

.debug_macro
 *(.debug_macro)
OUTPUT(Robot.elf elf32-avr)
LOAD linker stubs
